// Jest Snapshot v1, https://goo.gl/fbAQLP

exports[`Nav matches snapshot 1`] = `
<DocumentFragment>
  <nav
    class="container"
  >
    <ul
      class="list"
    >
      <li>
        <a
          class="link"
          href="/"
        >
          Welcome
        </a>
      </li>
      <li>
        <a
          class="link"
          href="/ssr"
        >
          SSR
        </a>
      </li>
      <li>
        <a
          class="link"
          href="/ssg"
        >
          SSG
        </a>
      </li>
    </ul>
  </nav>
</DocumentFragment>
`;
